// Jest Snapshot v1, https://goo.gl/fbAQLP

exports[`renders correcty 1`] = `
<Component>
  <Styled(Form)>
    <Styled(Item)
      stackedLabel={true}
    >
      <Styled(Label)>
        USERNAME
      </Styled(Label)>
      <Styled(Input)
        autoCapitalize="none"
        autoCorrect={false}
        onChangeText={[Function]}
        style={
          Object {
            "height": 40,
          }
        }
      />
    </Styled(Item)>
    <Styled(Item)
      stackedLabel={true}
    >
      <Styled(Label)>
        PASSWORD
      </Styled(Label)>
      <Styled(Input)
        autoCapitalize="none"
        autoCorrect={false}
        onChangeText={[Function]}
        secureTextEntry={true}
        style={
          Object {
            "height": 40,
          }
        }
      />
    </Styled(Item)>
  </Styled(Form)>
  <Component
    style={
      Object {
        "marginTop": 20,
        "paddingHorizontal": 10,
      }
    }
  >
    <Styled(Button)
      block={true}
      onPress={[Function]}
    >
      <Styled(Text)>
        SUBMIT
      </Styled(Text)>
    </Styled(Button)>
  </Component>
</Component>
`;
